--- Telegram Scrape Report ---
Timestamp: 2026-10-02 20:25:54
Total Channels: 117
Successful Scrapes: 66
Failed Scrapes: 0

--- Channels with Found Configs ---
orange_vpns: 226 configs
Farah_VPN: 200 configs
V2rayNG3: 191 configs
v2raying: 191 configs
LonUp_M: 178 configs
V2ray_Alpha: 159 configs
Outline_Vpn: 158 configs
proxy_mtm: 144 configs
ViProxys: 99 configs
FreakConfig: 90 configs
hopev2ray: 83 configs
oneclickvpnkeys: 71 configs
v2Source: 57 configs
OutlineReleasedKey: 50 configs
vpnaloo: 46 configs
V2RAYROZ: 45 configs
ISVvpn: 43 configs
yaney_01: 41 configs
fastfreeconfig: 41 configs
dailyv2ray: 40 configs
ShadowsocksM: 37 configs
configfa: 37 configs
v2ngfast: 36 configs
tehranargo: 31 configs
freeland8: 28 configs
Network_442: 24 configs
configV2rayForFree: 22 configs
v2raymelliii: 22 configs
An0nymousTeam: 21 configs
FreeV2rays: 20 configs
V2rayNG_Outlinee: 20 configs
v2nodes: 20 configs
free4allVPN: 19 configs
golestan_vpn: 19 configs
vpnstorefast: 18 configs
freedom_config: 18 configs
v2rayng_1378: 18 configs
freedomofinfor: 17 configs
PrivateVPNs: 16 configs
v2ray_for_free: 14 configs
v2rayvpnchannel: 14 configs
vpnfail_vless: 12 configs
viturey: 11 configs
vpn_ocean: 10 configs
freev2raym: 9 configs
V2RAY_VMESS_free: 8 configs
configV2rayNG: 8 configs
iraniv2ray: 8 configs
Awlix_ir: 7 configs
DarkVPNpro: 6 configs
redfree8: 6 configs
VmessProtocol: 5 configs
xroVPN: 5 configs
proxy_kafee: 5 configs
proSSH: 4 configs
v2rayngconfig: 4 configs
v2rayfree: 4 configs
freeconfigsplus: 3 configs
bypass_filter: 3 configs
Ahmedhamoomi_Servers: 2 configs
GrizzlyVPN: 2 configs
Ln2Ray: 2 configs
vip_vpn_2022: 1 configs
ArV2ray: 1 configs
ev2rayy: 1 configs
v2rayngfreee: 1 configs

--- Failed Channels ---
